// Jest Snapshot v1, https://goo.gl/fbAQLP

exports[`iOS parse source files to keys 1`] = `Array []`;
